Warning: You are sending unauthenticated requests to the HF Hub. Please set a HF_TOKEN to enable higher rate limits and faster downloads.
Loading weights:   0%|          | 0/170 [00:00<?, ?it/s]Loading weights:  41%|████      | 70/170 [00:00<00:00, 688.99it/s]Loading weights:  84%|████████▍ | 143/170 [00:00<00:00, 678.82it/s]Loading weights: 100%|██████████| 170/170 [00:00<00:00, 754.83it/s]
[14:07:19] 트랙 A: 임베딩 캐시 사용 (6167, 1536)
[14:07:27] 트랙 A: 누수 검사 통과(정적·동적 30개), 배치 불변 최대 차이 1.13e-06
[14:07:33] 트랙 A F1: 분류기 3종 학습 완료(θ = 181)
[14:07:39] 트랙 A F2: 분류기 3종 학습 완료(θ = 182)
[14:07:46] 트랙 A F3: 분류기 3종 학습 완료(θ = 182)
[14:07:52] 트랙 A F4: 분류기 3종 학습 완료(θ = 184)
[14:07:59] 트랙 A F5: 분류기 3종 학습 완료(θ = 186)
[14:08:06] 트랙 A F6: 분류기 3종 학습 완료(θ = 186)
[14:08:17] 트랙 B: 임베딩 캐시 사용 (256, 1536)
[14:08:25] 트랙 B: 누수 검사 통과(정적·동적 30개), 배치 불변 최대 차이 4.99e-07
[14:08:30] 트랙 B F1: 분류기 3종 학습 완료(θ = 181)
[14:08:35] 트랙 B F2: 분류기 3종 학습 완료(θ = 182)
[14:08:40] 트랙 B F3: 분류기 3종 학습 완료(θ = 182)
[14:08:46] 트랙 B F4: 분류기 3종 학습 완료(θ = 184)
[14:08:51] 트랙 B F5: 분류기 3종 학습 완료(θ = 186)
[14:08:57] 트랙 B F6: 분류기 3종 학습 완료(θ = 186)
[14:09:07] 저장 완료: outputs/tables/X01~X07, outputs/preds/ext_embed_{A,B}.parquet
   track          variant path      f1  precision  recall  pr_auc   brier     ece
0      A        (a) 기존 피처  분류기  0.7568     0.6938  0.8465  0.7823  0.0497  0.0456
1      A        (a) 기존 피처  스태킹  0.7845     0.7505  0.8392  0.8012  0.0450  0.0352
2      A     (b) 임베딩 + 시각  분류기  0.6376     0.5710  0.7814  0.5934  0.0798  0.0660
3      A     (b) 임베딩 + 시각  스태킹  0.7368     0.7542  0.7685  0.8010  0.0468  0.0365
4      A  (c) 기존 피처 + 임베딩  분류기  0.7356     0.6943  0.8268  0.7408  0.0535  0.0551
5      A  (c) 기존 피처 + 임베딩  스태킹  0.7586     0.7581  0.7980  0.7672  0.0481  0.0451
6      B        (a) 기존 피처  분류기  0.6763     0.5845  0.8222  0.6154  0.0708  0.0491
7      B        (a) 기존 피처  스태킹  0.6742     0.6153  0.7820  0.6483  0.0687  0.0478
8      B     (b) 임베딩 + 시각  분류기  0.6308     0.5493  0.7830  0.5844  0.0778  0.0570
9      B     (b) 임베딩 + 시각  스태킹  0.6355     0.5705  0.7812  0.6655  0.0650  0.0562
10     B  (c) 기존 피처 + 임베딩  분류기  0.6396     0.5596  0.7791  0.5595  0.0786  0.0583
11     B  (c) 기존 피처 + 임베딩  스태킹  0.6529     0.6100  0.7470  0.6435  0.0697  0.0456
