[02:52:49] lstm:B:S1@F6: 시작 (mode=full, seed 3개, 스레드 1)
Seed set to 42
GPU available: False, used: False
TPU available: False, using: 0 TPU cores
GPU available: False, used: False
TPU available: False, using: 0 TPU cores
[02:58:35] lstm:B:S1 F6 seed 42: MAE 8.58, best step 100 / 멈춤 350, 346초
Seed set to 2021
GPU available: False, used: False
TPU available: False, using: 0 TPU cores
GPU available: False, used: False
TPU available: False, using: 0 TPU cores
[03:03:26] lstm:B:S1 F6 seed 2021: MAE 9.31, best step 50 / 멈춤 300, 291초
Seed set to 2024
GPU available: False, used: False
TPU available: False, using: 0 TPU cores
GPU available: False, used: False
TPU available: False, using: 0 TPU cores
[03:09:55] lstm:B:S1 F6 seed 2024: MAE 8.67, best step 150 / 멈춤 400, 389초
[03:09:55] lstm:B:S1@F6: 완료 17.1분
