[02:02:36] lstm:A:S1@F6: 시작 (mode=full, seed 3개, 스레드 1)
Seed set to 42
GPU available: False, used: False
TPU available: False, using: 0 TPU cores
`Trainer.fit` stopped: `max_steps=1000` reached.
GPU available: False, used: False
TPU available: False, using: 0 TPU cores
[02:19:12] lstm:A:S1 F6 seed 42: MAE 5.35, best step 950 / 멈춤 1000, 996초
Seed set to 2021
GPU available: False, used: False
TPU available: False, using: 0 TPU cores
`Trainer.fit` stopped: `max_steps=1000` reached.
GPU available: False, used: False
TPU available: False, using: 0 TPU cores
[02:35:11] lstm:A:S1 F6 seed 2021: MAE 5.17, best step 900 / 멈춤 1000, 959초
Seed set to 2024
GPU available: False, used: False
TPU available: False, using: 0 TPU cores
`Trainer.fit` stopped: `max_steps=1000` reached.
GPU available: False, used: False
TPU available: False, using: 0 TPU cores
[02:51:03] lstm:A:S1 F6 seed 2024: MAE 5.01, best step 900 / 멈춤 1000, 952초
[02:51:03] lstm:A:S1@F6: 완료 48.5분
