[00:11:10] lstm:A:S1@F3: 시작 (mode=full, seed 3개, 스레드 1)
Seed set to 42
GPU available: False, used: False
TPU available: False, using: 0 TPU cores
`Trainer.fit` stopped: `max_steps=1000` reached.
GPU available: False, used: False
TPU available: False, using: 0 TPU cores
[00:30:22] lstm:A:S1 F3 seed 42: MAE 9.13, best step 1000 / 멈춤 1000, 1152초
Seed set to 2021
GPU available: False, used: False
TPU available: False, using: 0 TPU cores
`Trainer.fit` stopped: `max_steps=1000` reached.
GPU available: False, used: False
TPU available: False, using: 0 TPU cores
[00:49:38] lstm:A:S1 F3 seed 2021: MAE 9.32, best step 1000 / 멈춤 1000, 1156초
Seed set to 2024
GPU available: False, used: False
TPU available: False, using: 0 TPU cores
`Trainer.fit` stopped: `max_steps=1000` reached.
GPU available: False, used: False
TPU available: False, using: 0 TPU cores
[01:09:01] lstm:A:S1 F3 seed 2024: MAE 9.39, best step 950 / 멈춤 1000, 1163초
[01:09:01] lstm:A:S1@F3: 완료 57.9분
