[02:37:21] lstm:B:S1@F3: 시작 (mode=full, seed 3개, 스레드 1)
Seed set to 42
GPU available: False, used: False
TPU available: False, using: 0 TPU cores
`Trainer.fit` stopped: `max_steps=1000` reached.
GPU available: False, used: False
TPU available: False, using: 0 TPU cores
[02:53:28] lstm:B:S1 F3 seed 42: MAE 13.80, best step 1000 / 멈춤 1000, 966초
Seed set to 2021
GPU available: False, used: False
TPU available: False, using: 0 TPU cores
`Trainer.fit` stopped: `max_steps=1000` reached.
GPU available: False, used: False
TPU available: False, using: 0 TPU cores
[03:09:52] lstm:B:S1 F3 seed 2021: MAE 15.66, best step 900 / 멈춤 1000, 984초
Seed set to 2024
GPU available: False, used: False
TPU available: False, using: 0 TPU cores
`Trainer.fit` stopped: `max_steps=1000` reached.
GPU available: False, used: False
TPU available: False, using: 0 TPU cores
[03:26:03] lstm:B:S1 F3 seed 2024: MAE 12.06, best step 1000 / 멈춤 1000, 971초
[03:26:03] lstm:B:S1@F3: 완료 48.7분
