[23:13:46] lstm:A:S1@F2: 시작 (mode=full, seed 3개, 스레드 1)
Seed set to 42
GPU available: False, used: False
TPU available: False, using: 0 TPU cores
GPU available: False, used: False
TPU available: False, using: 0 TPU cores
[23:31:28] lstm:A:S1 F2 seed 42: MAE 6.32, best step 700 / 멈춤 950, 1062초
Seed set to 2021
GPU available: False, used: False
TPU available: False, using: 0 TPU cores
`Trainer.fit` stopped: `max_steps=1000` reached.
GPU available: False, used: False
TPU available: False, using: 0 TPU cores
[23:50:56] lstm:A:S1 F2 seed 2021: MAE 7.22, best step 800 / 멈춤 1000, 1167초
Seed set to 2024
GPU available: False, used: False
TPU available: False, using: 0 TPU cores
`Trainer.fit` stopped: `max_steps=1000` reached.
GPU available: False, used: False
TPU available: False, using: 0 TPU cores
[00:10:45] lstm:A:S1 F2 seed 2024: MAE 6.69, best step 900 / 멈춤 1000, 1190초
[00:10:45] lstm:A:S1@F2: 완료 57.0분
