[02:12:10] lstm:B:S1@F1: 시작 (mode=full, seed 3개, 스레드 1)
Seed set to 42
GPU available: False, used: False
TPU available: False, using: 0 TPU cores
GPU available: False, used: False
TPU available: False, using: 0 TPU cores
[02:25:11] lstm:B:S1 F1 seed 42: MAE 16.03, best step 550 / 멈춤 800, 781초
Seed set to 2021
GPU available: False, used: False
TPU available: False, using: 0 TPU cores
GPU available: False, used: False
TPU available: False, using: 0 TPU cores
[02:40:28] lstm:B:S1 F1 seed 2021: MAE 20.02, best step 700 / 멈춤 950, 917초
Seed set to 2024
GPU available: False, used: False
TPU available: False, using: 0 TPU cores
GPU available: False, used: False
TPU available: False, using: 0 TPU cores
[02:52:30] lstm:B:S1 F1 seed 2024: MAE 11.52, best step 500 / 멈춤 750, 723초
[02:52:30] lstm:B:S1@F1: 완료 40.3분
