[02:17:41] lstm:B:S1@F2: 시작 (mode=full, seed 3개, 스레드 1)
Seed set to 42
GPU available: False, used: False
TPU available: False, using: 0 TPU cores
GPU available: False, used: False
TPU available: False, using: 0 TPU cores
[02:30:34] lstm:B:S1 F2 seed 42: MAE 17.88, best step 550 / 멈춤 800, 773초
Seed set to 2021
GPU available: False, used: False
TPU available: False, using: 0 TPU cores
GPU available: False, used: False
TPU available: False, using: 0 TPU cores
[02:41:02] lstm:B:S1 F2 seed 2021: MAE 10.13, best step 400 / 멈춤 650, 628초
Seed set to 2024
GPU available: False, used: False
TPU available: False, using: 0 TPU cores
GPU available: False, used: False
TPU available: False, using: 0 TPU cores
[02:49:54] lstm:B:S1 F2 seed 2024: MAE 11.00, best step 300 / 멈춤 550, 532초
[02:49:54] lstm:B:S1@F2: 완료 32.2분
