[02:51:22] lstm:B:S1@F5: 시작 (mode=full, seed 3개, 스레드 1)
Seed set to 42
GPU available: False, used: False
TPU available: False, using: 0 TPU cores
`Trainer.fit` stopped: `max_steps=1000` reached.
GPU available: False, used: False
TPU available: False, using: 0 TPU cores
[03:07:43] lstm:B:S1 F5 seed 42: MAE 34.03, best step 850 / 멈춤 1000, 980초
Seed set to 2021
GPU available: False, used: False
TPU available: False, using: 0 TPU cores
GPU available: False, used: False
TPU available: False, using: 0 TPU cores
[03:14:12] lstm:B:S1 F5 seed 2021: MAE 50.41, best step 150 / 멈춤 400, 390초
Seed set to 2024
GPU available: False, used: False
TPU available: False, using: 0 TPU cores
GPU available: False, used: False
TPU available: False, using: 0 TPU cores
[03:20:42] lstm:B:S1 F5 seed 2024: MAE 49.50, best step 150 / 멈춤 400, 390초
[03:20:42] lstm:B:S1@F5: 완료 29.3분
