[04:05:09] nhits:A:S0@F5: 시작 (mode=full, seed 3개, 스레드 1)
Seed set to 42
GPU available: False, used: False
TPU available: False, using: 0 TPU cores
GPU available: False, used: False
TPU available: False, using: 0 TPU cores
[04:11:28] nhits:A:S0 F5 seed 42: MAE 15.97, best step 200 / 멈춤 450, 379초
Seed set to 2021
GPU available: False, used: False
TPU available: False, using: 0 TPU cores
GPU available: False, used: False
TPU available: False, using: 0 TPU cores
[04:16:17] nhits:A:S0 F5 seed 2021: MAE 14.04, best step 100 / 멈춤 350, 289초
Seed set to 2024
GPU available: False, used: False
TPU available: False, using: 0 TPU cores
GPU available: False, used: False
TPU available: False, using: 0 TPU cores
[04:21:34] nhits:A:S0 F5 seed 2024: MAE 14.23, best step 100 / 멈춤 350, 317초
[04:21:34] nhits:A:S0@F5: 완료 16.4분
