[05:12:25] nhits:B:S2@F5: 시작 (mode=full, seed 3개, 스레드 1)
Seed set to 42
GPU available: False, used: False
TPU available: False, using: 0 TPU cores
`Trainer.fit` stopped: `max_steps=1000` reached.
GPU available: False, used: False
TPU available: False, using: 0 TPU cores
[05:30:30] nhits:B:S2 F5 seed 42: MAE 35.06, best step 850 / 멈춤 1000, 1084초
Seed set to 2021
GPU available: False, used: False
TPU available: False, using: 0 TPU cores
GPU available: False, used: False
TPU available: False, using: 0 TPU cores
[05:40:38] nhits:B:S2 F5 seed 2021: MAE 31.01, best step 400 / 멈춤 650, 608초
Seed set to 2024
GPU available: False, used: False
TPU available: False, using: 0 TPU cores
GPU available: False, used: False
TPU available: False, using: 0 TPU cores
[05:49:24] nhits:B:S2 F5 seed 2024: MAE 37.33, best step 400 / 멈춤 650, 526초
[05:49:24] nhits:B:S2@F5: 완료 37.0분
