[03:42:53] nhits:B:S1@F2: 시작 (mode=full, seed 3개, 스레드 1)
Seed set to 42
GPU available: False, used: False
TPU available: False, using: 0 TPU cores
GPU available: False, used: False
TPU available: False, using: 0 TPU cores
[03:51:33] nhits:B:S1 F2 seed 42: MAE 9.82, best step 350 / 멈춤 600, 520초
Seed set to 2021
GPU available: False, used: False
TPU available: False, using: 0 TPU cores
GPU available: False, used: False
TPU available: False, using: 0 TPU cores
[03:57:24] nhits:B:S1 F2 seed 2021: MAE 9.32, best step 150 / 멈춤 400, 351초
Seed set to 2024
GPU available: False, used: False
TPU available: False, using: 0 TPU cores
GPU available: False, used: False
TPU available: False, using: 0 TPU cores
[04:03:53] nhits:B:S1 F2 seed 2024: MAE 9.63, best step 200 / 멈춤 450, 389초
[04:03:53] nhits:B:S1@F2: 완료 21.0분
