[03:10:14] nhits:A:S1@F1: 시작 (mode=full, seed 3개, 스레드 1)
Seed set to 42
GPU available: False, used: False
TPU available: False, using: 0 TPU cores
GPU available: False, used: False
TPU available: False, using: 0 TPU cores
[03:19:53] nhits:A:S1 F1 seed 42: MAE 6.63, best step 400 / 멈춤 650, 580초
Seed set to 2021
GPU available: False, used: False
TPU available: False, using: 0 TPU cores
GPU available: False, used: False
TPU available: False, using: 0 TPU cores
[03:27:59] nhits:A:S1 F1 seed 2021: MAE 6.55, best step 300 / 멈춤 550, 485초
Seed set to 2024
GPU available: False, used: False
TPU available: False, using: 0 TPU cores
GPU available: False, used: False
TPU available: False, using: 0 TPU cores
[03:33:09] nhits:A:S1 F1 seed 2024: MAE 6.55, best step 100 / 멈춤 350, 310초
[03:33:09] nhits:A:S1@F1: 완료 22.9분
