[04:06:07] nhits:A:S0@F6: 시작 (mode=full, seed 3개, 스레드 1)
Seed set to 42
GPU available: False, used: False
TPU available: False, using: 0 TPU cores
GPU available: False, used: False
TPU available: False, using: 0 TPU cores
[04:11:04] nhits:A:S0 F6 seed 42: MAE 5.88, best step 100 / 멈춤 350, 297초
Seed set to 2021
GPU available: False, used: False
TPU available: False, using: 0 TPU cores
GPU available: False, used: False
TPU available: False, using: 0 TPU cores
[04:17:11] nhits:A:S0 F6 seed 2021: MAE 5.72, best step 200 / 멈춤 450, 367초
Seed set to 2024
GPU available: False, used: False
TPU available: False, using: 0 TPU cores
GPU available: False, used: False
TPU available: False, using: 0 TPU cores
[04:27:04] nhits:A:S0 F6 seed 2024: MAE 5.99, best step 350 / 멈춤 600, 594초
[04:27:04] nhits:A:S0@F6: 완료 21.0분
