[03:25:24] nhits:A:S1@F4: 시작 (mode=full, seed 3개, 스레드 1)
Seed set to 42
GPU available: False, used: False
TPU available: False, using: 0 TPU cores
GPU available: False, used: False
TPU available: False, using: 0 TPU cores
[03:33:32] nhits:A:S1 F4 seed 42: MAE 9.10, best step 300 / 멈춤 550, 488초
Seed set to 2021
GPU available: False, used: False
TPU available: False, using: 0 TPU cores
GPU available: False, used: False
TPU available: False, using: 0 TPU cores
[03:40:12] nhits:A:S1 F4 seed 2021: MAE 8.12, best step 200 / 멈춤 450, 400초
Seed set to 2024
GPU available: False, used: False
TPU available: False, using: 0 TPU cores
GPU available: False, used: False
TPU available: False, using: 0 TPU cores
[03:49:49] nhits:A:S1 F4 seed 2024: MAE 10.25, best step 400 / 멈춤 650, 576초
[03:49:49] nhits:A:S1@F4: 완료 24.4분
