[03:43:22] nhits:B:S1@F3: 시작 (mode=full, seed 3개, 스레드 1)
Seed set to 42
GPU available: False, used: False
TPU available: False, using: 0 TPU cores
GPU available: False, used: False
TPU available: False, using: 0 TPU cores
[03:56:23] nhits:B:S1 F3 seed 42: MAE 18.68, best step 650 / 멈춤 900, 781초
Seed set to 2021
GPU available: False, used: False
TPU available: False, using: 0 TPU cores
GPU available: False, used: False
TPU available: False, using: 0 TPU cores
[04:05:46] nhits:B:S1 F3 seed 2021: MAE 18.33, best step 400 / 멈춤 650, 563초
Seed set to 2024
GPU available: False, used: False
TPU available: False, using: 0 TPU cores
`Trainer.fit` stopped: `max_steps=1000` reached.
GPU available: False, used: False
TPU available: False, using: 0 TPU cores
[04:20:17] nhits:B:S1 F3 seed 2024: MAE 18.63, best step 850 / 멈춤 1000, 871초
[04:20:17] nhits:B:S1@F3: 완료 36.9분
