[04:02:36] nhits:A:S0@F3: 시작 (mode=full, seed 3개, 스레드 1)
Seed set to 42
GPU available: False, used: False
TPU available: False, using: 0 TPU cores
`Trainer.fit` stopped: `max_steps=1000` reached.
GPU available: False, used: False
TPU available: False, using: 0 TPU cores
[04:16:30] nhits:A:S0 F3 seed 42: MAE 9.27, best step 950 / 멈춤 1000, 834초
Seed set to 2021
GPU available: False, used: False
TPU available: False, using: 0 TPU cores
`Trainer.fit` stopped: `max_steps=1000` reached.
GPU available: False, used: False
TPU available: False, using: 0 TPU cores
[04:32:30] nhits:A:S0 F3 seed 2021: MAE 9.60, best step 1000 / 멈춤 1000, 960초
Seed set to 2024
GPU available: False, used: False
TPU available: False, using: 0 TPU cores
`Trainer.fit` stopped: `max_steps=1000` reached.
GPU available: False, used: False
TPU available: False, using: 0 TPU cores
[04:49:15] nhits:A:S0 F3 seed 2024: MAE 9.14, best step 750 / 멈춤 1000, 1005초
[04:49:15] nhits:A:S0@F3: 완료 46.7분
