[04:51:55] nhits:A:S2@F5: 시작 (mode=full, seed 3개, 스레드 1)
Seed set to 42
GPU available: False, used: False
TPU available: False, using: 0 TPU cores
GPU available: False, used: False
TPU available: False, using: 0 TPU cores
[04:58:58] nhits:A:S2 F5 seed 42: MAE 18.32, best step 150 / 멈춤 400, 422초
Seed set to 2021
GPU available: False, used: False
TPU available: False, using: 0 TPU cores
GPU available: False, used: False
TPU available: False, using: 0 TPU cores
[05:07:42] nhits:A:S2 F5 seed 2021: MAE 17.90, best step 250 / 멈춤 500, 525초
Seed set to 2024
GPU available: False, used: False
TPU available: False, using: 0 TPU cores
GPU available: False, used: False
TPU available: False, using: 0 TPU cores
[05:16:29] nhits:A:S2 F5 seed 2024: MAE 15.12, best step 250 / 멈춤 500, 527초
[05:16:29] nhits:A:S2@F5: 완료 24.6분
