[04:26:42] nhits:B:S0@F4: 시작 (mode=full, seed 3개, 스레드 1)
Seed set to 42
GPU available: False, used: False
TPU available: False, using: 0 TPU cores
`Trainer.fit` stopped: `max_steps=1000` reached.
GPU available: False, used: False
TPU available: False, using: 0 TPU cores
[04:43:05] nhits:B:S0 F4 seed 42: MAE 25.99, best step 750 / 멈춤 1000, 983초
Seed set to 2021
GPU available: False, used: False
TPU available: False, using: 0 TPU cores
GPU available: False, used: False
TPU available: False, using: 0 TPU cores
[04:58:26] nhits:B:S0 F4 seed 2021: MAE 26.60, best step 700 / 멈춤 950, 921초
Seed set to 2024
GPU available: False, used: False
TPU available: False, using: 0 TPU cores
GPU available: False, used: False
TPU available: False, using: 0 TPU cores
[05:11:27] nhits:B:S0 F4 seed 2024: MAE 26.49, best step 550 / 멈춤 800, 780초
[05:11:27] nhits:B:S0@F4: 완료 44.7분
