[02:06:54] nhits:A:S1:336@F6: 시작 (mode=full, seed 3개, 스레드 1)
Seed set to 42
GPU available: False, used: False
TPU available: False, using: 0 TPU cores
GPU available: False, used: False
TPU available: False, using: 0 TPU cores
[02:18:17] nhits:A:S1:336 F6 seed 42: MAE 6.49, best step 200 / 멈춤 450, 683초
Seed set to 2021
GPU available: False, used: False
TPU available: False, using: 0 TPU cores
GPU available: False, used: False
TPU available: False, using: 0 TPU cores
[02:27:52] nhits:A:S1:336 F6 seed 2021: MAE 6.27, best step 150 / 멈춤 400, 574초
Seed set to 2024
GPU available: False, used: False
TPU available: False, using: 0 TPU cores
GPU available: False, used: False
TPU available: False, using: 0 TPU cores
[02:37:30] nhits:A:S1:336 F6 seed 2024: MAE 6.40, best step 150 / 멈춤 400, 578초
[02:37:30] nhits:A:S1:336@F6: 완료 30.6분
