[03:49:11] nhits:B:S1@F6: 시작 (mode=full, seed 3개, 스레드 1)
Seed set to 42
GPU available: False, used: False
TPU available: False, using: 0 TPU cores
GPU available: False, used: False
TPU available: False, using: 0 TPU cores
[03:53:33] nhits:B:S1 F6 seed 42: MAE 8.85, best step 50 / 멈춤 300, 262초
Seed set to 2021
GPU available: False, used: False
TPU available: False, using: 0 TPU cores
GPU available: False, used: False
TPU available: False, using: 0 TPU cores
[03:57:56] nhits:B:S1 F6 seed 2021: MAE 8.60, best step 50 / 멈춤 300, 263초
Seed set to 2024
GPU available: False, used: False
TPU available: False, using: 0 TPU cores
GPU available: False, used: False
TPU available: False, using: 0 TPU cores
[04:02:17] nhits:B:S1 F6 seed 2024: MAE 8.03, best step 50 / 멈춤 300, 261초
[04:02:17] nhits:B:S1@F6: 완료 13.1분
