[04:41:13] nhits:A:S2@F2: 시작 (mode=full, seed 3개, 스레드 1)
Seed set to 42
GPU available: False, used: False
TPU available: False, using: 0 TPU cores
GPU available: False, used: False
TPU available: False, using: 0 TPU cores
[04:49:02] nhits:A:S2 F2 seed 42: MAE 7.17, best step 200 / 멈춤 450, 469초
Seed set to 2021
GPU available: False, used: False
TPU available: False, using: 0 TPU cores
GPU available: False, used: False
TPU available: False, using: 0 TPU cores
[05:00:41] nhits:A:S2 F2 seed 2021: MAE 7.12, best step 400 / 멈춤 650, 698초
Seed set to 2024
GPU available: False, used: False
TPU available: False, using: 0 TPU cores
GPU available: False, used: False
TPU available: False, using: 0 TPU cores
[05:08:46] nhits:A:S2 F2 seed 2024: MAE 7.38, best step 200 / 멈춤 450, 485초
[05:08:46] nhits:A:S2@F2: 완료 27.6분
