[02:57:20] nhits:B:S1:336@F6: 시작 (mode=full, seed 3개, 스레드 1)
Seed set to 42
GPU available: False, used: False
TPU available: False, using: 0 TPU cores
GPU available: False, used: False
TPU available: False, using: 0 TPU cores
[03:05:20] nhits:B:S1:336 F6 seed 42: MAE 10.82, best step 100 / 멈춤 350, 480초
Seed set to 2021
GPU available: False, used: False
TPU available: False, using: 0 TPU cores
GPU available: False, used: False
TPU available: False, using: 0 TPU cores
[03:13:23] nhits:B:S1:336 F6 seed 2021: MAE 10.08, best step 100 / 멈춤 350, 482초
Seed set to 2024
GPU available: False, used: False
TPU available: False, using: 0 TPU cores
GPU available: False, used: False
TPU available: False, using: 0 TPU cores
[03:21:18] nhits:B:S1:336 F6 seed 2024: MAE 10.67, best step 100 / 멈춤 350, 475초
[03:21:18] nhits:B:S1:336@F6: 완료 24.0분
