[03:33:28] nhits:A:S1@F6: 시작 (mode=full, seed 3개, 스레드 1)
Seed set to 42
GPU available: False, used: False
TPU available: False, using: 0 TPU cores
GPU available: False, used: False
TPU available: False, using: 0 TPU cores
[03:38:36] nhits:A:S1 F6 seed 42: MAE 5.83, best step 100 / 멈춤 350, 308초
Seed set to 2021
GPU available: False, used: False
TPU available: False, using: 0 TPU cores
GPU available: False, used: False
TPU available: False, using: 0 TPU cores
[03:43:44] nhits:A:S1 F6 seed 2021: MAE 5.78, best step 100 / 멈춤 350, 308초
Seed set to 2024
GPU available: False, used: False
TPU available: False, using: 0 TPU cores
GPU available: False, used: False
TPU available: False, using: 0 TPU cores
[03:48:52] nhits:A:S1 F6 seed 2024: MAE 5.74, best step 100 / 멈춤 350, 308초
[03:48:52] nhits:A:S1@F6: 완료 15.4분
