[03:44:16] nhits:B:S1@F5: 시작 (mode=full, seed 3개, 스레드 1)
Seed set to 42
GPU available: False, used: False
TPU available: False, using: 0 TPU cores
`Trainer.fit` stopped: `max_steps=1000` reached.
GPU available: False, used: False
TPU available: False, using: 0 TPU cores
[03:58:47] nhits:B:S1 F5 seed 42: MAE 50.29, best step 1000 / 멈춤 1000, 871초
Seed set to 2021
GPU available: False, used: False
TPU available: False, using: 0 TPU cores
`Trainer.fit` stopped: `max_steps=1000` reached.
GPU available: False, used: False
TPU available: False, using: 0 TPU cores
[04:13:14] nhits:B:S1 F5 seed 2021: MAE 52.54, best step 950 / 멈춤 1000, 867초
Seed set to 2024
GPU available: False, used: False
TPU available: False, using: 0 TPU cores
`Trainer.fit` stopped: `max_steps=1000` reached.
GPU available: False, used: False
TPU available: False, using: 0 TPU cores
[04:28:59] nhits:B:S1 F5 seed 2024: MAE 55.80, best step 1000 / 멈춤 1000, 944초
[04:28:59] nhits:B:S1@F5: 완료 44.7분
