[04:18:21] nhits:B:S0@F1: 시작 (mode=full, seed 3개, 스레드 1)
Seed set to 42
GPU available: False, used: False
TPU available: False, using: 0 TPU cores
GPU available: False, used: False
TPU available: False, using: 0 TPU cores
[04:23:57] nhits:B:S0 F1 seed 42: MAE 9.48, best step 100 / 멈춤 350, 336초
Seed set to 2021
GPU available: False, used: False
TPU available: False, using: 0 TPU cores
GPU available: False, used: False
TPU available: False, using: 0 TPU cores
[04:32:55] nhits:B:S0 F1 seed 2021: MAE 9.16, best step 300 / 멈춤 550, 538초
Seed set to 2024
GPU available: False, used: False
TPU available: False, using: 0 TPU cores
GPU available: False, used: False
TPU available: False, using: 0 TPU cores
[04:40:24] nhits:B:S0 F1 seed 2024: MAE 9.71, best step 200 / 멈춤 450, 448초
[04:40:24] nhits:B:S0@F1: 완료 22.0분
