[04:50:07] nhits:A:S2@F4: 시작 (mode=full, seed 3개, 스레드 1)
Seed set to 42
GPU available: False, used: False
TPU available: False, using: 0 TPU cores
GPU available: False, used: False
TPU available: False, using: 0 TPU cores
[04:58:02] nhits:A:S2 F4 seed 42: MAE 7.76, best step 200 / 멈춤 450, 475초
Seed set to 2021
GPU available: False, used: False
TPU available: False, using: 0 TPU cores
GPU available: False, used: False
TPU available: False, using: 0 TPU cores
[05:05:18] nhits:A:S2 F4 seed 2021: MAE 8.56, best step 150 / 멈춤 400, 435초
Seed set to 2024
GPU available: False, used: False
TPU available: False, using: 0 TPU cores
GPU available: False, used: False
TPU available: False, using: 0 TPU cores
[05:16:56] nhits:A:S2 F4 seed 2024: MAE 7.73, best step 400 / 멈춤 650, 698초
[05:16:56] nhits:A:S2@F4: 완료 26.8분
