[03:50:07] nhits:A:S0@F1: 시작 (mode=full, seed 3개, 스레드 1)
Seed set to 42
GPU available: False, used: False
TPU available: False, using: 0 TPU cores
GPU available: False, used: False
TPU available: False, using: 0 TPU cores
[03:55:09] nhits:A:S0 F1 seed 42: MAE 6.57, best step 100 / 멈춤 350, 301초
Seed set to 2021
GPU available: False, used: False
TPU available: False, using: 0 TPU cores
GPU available: False, used: False
TPU available: False, using: 0 TPU cores
[04:00:09] nhits:A:S0 F1 seed 2021: MAE 6.61, best step 100 / 멈춤 350, 301초
Seed set to 2024
GPU available: False, used: False
TPU available: False, using: 0 TPU cores
GPU available: False, used: False
TPU available: False, using: 0 TPU cores
[04:05:49] nhits:A:S0 F1 seed 2024: MAE 6.91, best step 150 / 멈춤 400, 340초
[04:05:49] nhits:A:S0@F1: 완료 15.7분
