[04:21:09] nhits:B:S0@F2: 시작 (mode=full, seed 3개, 스레드 1)
Seed set to 42
GPU available: False, used: False
TPU available: False, using: 0 TPU cores
GPU available: False, used: False
TPU available: False, using: 0 TPU cores
[04:33:11] nhits:B:S0 F2 seed 42: MAE 8.13, best step 500 / 멈춤 750, 722초
Seed set to 2021
GPU available: False, used: False
TPU available: False, using: 0 TPU cores
GPU available: False, used: False
TPU available: False, using: 0 TPU cores
[04:41:28] nhits:B:S0 F2 seed 2021: MAE 9.44, best step 250 / 멈춤 500, 497초
Seed set to 2024
GPU available: False, used: False
TPU available: False, using: 0 TPU cores
GPU available: False, used: False
TPU available: False, using: 0 TPU cores
[04:51:12] nhits:B:S0 F2 seed 2024: MAE 8.44, best step 350 / 멈춤 600, 583초
[04:51:12] nhits:B:S0@F2: 완료 30.0분
