[03:44:03] nhits:B:S1@F4: 시작 (mode=full, seed 3개, 스레드 1)
Seed set to 42
GPU available: False, used: False
TPU available: False, using: 0 TPU cores
GPU available: False, used: False
TPU available: False, using: 0 TPU cores
[03:54:12] nhits:B:S1 F4 seed 42: MAE 24.51, best step 450 / 멈춤 700, 609초
Seed set to 2021
GPU available: False, used: False
TPU available: False, using: 0 TPU cores
`Trainer.fit` stopped: `max_steps=1000` reached.
GPU available: False, used: False
TPU available: False, using: 0 TPU cores
[04:08:38] nhits:B:S1 F4 seed 2021: MAE 23.78, best step 900 / 멈춤 1000, 866초
Seed set to 2024
GPU available: False, used: False
TPU available: False, using: 0 TPU cores
GPU available: False, used: False
TPU available: False, using: 0 TPU cores
[04:17:44] nhits:B:S1 F4 seed 2024: MAE 26.14, best step 400 / 멈춤 650, 546초
[04:17:44] nhits:B:S1@F4: 완료 33.7분
