[02:21:42] nhits:B:S1:336@F2: 시작 (mode=full, seed 3개, 스레드 1)
Seed set to 42
GPU available: False, used: False
TPU available: False, using: 0 TPU cores
GPU available: False, used: False
TPU available: False, using: 0 TPU cores
[02:34:12] nhits:B:S1:336 F2 seed 42: MAE 10.10, best step 300 / 멈춤 550, 750초
Seed set to 2021
GPU available: False, used: False
TPU available: False, using: 0 TPU cores
GPU available: False, used: False
TPU available: False, using: 0 TPU cores
[02:46:48] nhits:B:S1:336 F2 seed 2021: MAE 9.84, best step 300 / 멈춤 550, 756초
Seed set to 2024
GPU available: False, used: False
TPU available: False, using: 0 TPU cores
GPU available: False, used: False
TPU available: False, using: 0 TPU cores
[02:57:01] nhits:B:S1:336 F2 seed 2024: MAE 10.84, best step 200 / 멈춤 450, 613초
[02:57:01] nhits:B:S1:336@F2: 완료 35.3분
