[04:29:39] nhits:A:S2@F1: 시작 (mode=full, seed 3개, 스레드 1)
Seed set to 42
GPU available: False, used: False
TPU available: False, using: 0 TPU cores
GPU available: False, used: False
TPU available: False, using: 0 TPU cores
[04:36:58] nhits:A:S2 F1 seed 42: MAE 6.36, best step 150 / 멈춤 400, 438초
Seed set to 2021
GPU available: False, used: False
TPU available: False, using: 0 TPU cores
GPU available: False, used: False
TPU available: False, using: 0 TPU cores
[04:45:07] nhits:A:S2 F1 seed 2021: MAE 6.74, best step 200 / 멈춤 450, 490초
Seed set to 2024
GPU available: False, used: False
TPU available: False, using: 0 TPU cores
GPU available: False, used: False
TPU available: False, using: 0 TPU cores
[04:51:27] nhits:A:S2 F1 seed 2024: MAE 6.76, best step 100 / 멈춤 350, 379초
[04:51:27] nhits:A:S2@F1: 완료 21.8분
