[02:50:52] nhits:B:S1:336@F4: 시작 (mode=full, seed 3개, 스레드 1)
Seed set to 42
GPU available: False, used: False
TPU available: False, using: 0 TPU cores
GPU available: False, used: False
TPU available: False, using: 0 TPU cores
[03:09:10] nhits:B:S1:336 F4 seed 42: MAE 24.78, best step 550 / 멈춤 800, 1098초
Seed set to 2021
GPU available: False, used: False
TPU available: False, using: 0 TPU cores
GPU available: False, used: False
TPU available: False, using: 0 TPU cores
[03:27:23] nhits:B:S1:336 F4 seed 2021: MAE 23.73, best step 550 / 멈춤 800, 1092초
Seed set to 2024
GPU available: False, used: False
TPU available: False, using: 0 TPU cores
GPU available: False, used: False
TPU available: False, using: 0 TPU cores
[03:43:58] nhits:B:S1:336 F4 seed 2024: MAE 24.16, best step 500 / 멈춤 750, 995초
[03:43:58] nhits:B:S1:336@F4: 완료 53.1분
