[04:29:20] nhits:B:S0@F6: 시작 (mode=full, seed 3개, 스레드 1)
Seed set to 42
GPU available: False, used: False
TPU available: False, using: 0 TPU cores
GPU available: False, used: False
TPU available: False, using: 0 TPU cores
[04:35:03] nhits:B:S0 F6 seed 42: MAE 8.17, best step 100 / 멈춤 350, 343초
Seed set to 2021
GPU available: False, used: False
TPU available: False, using: 0 TPU cores
GPU available: False, used: False
TPU available: False, using: 0 TPU cores
[04:40:45] nhits:B:S0 F6 seed 2021: MAE 8.63, best step 100 / 멈춤 350, 342초
Seed set to 2024
GPU available: False, used: False
TPU available: False, using: 0 TPU cores
GPU available: False, used: False
TPU available: False, using: 0 TPU cores
[04:47:19] nhits:B:S0 F6 seed 2024: MAE 9.03, best step 150 / 멈춤 400, 394초
[04:47:19] nhits:B:S0@F6: 완료 18.0분
