[02:13:51] nhits:B:S1:336@F1: 시작 (mode=full, seed 3개, 스레드 1)
Seed set to 42
GPU available: False, used: False
TPU available: False, using: 0 TPU cores
GPU available: False, used: False
TPU available: False, using: 0 TPU cores
[02:32:04] nhits:B:S1:336 F1 seed 42: MAE 10.82, best step 550 / 멈춤 800, 1093초
Seed set to 2021
GPU available: False, used: False
TPU available: False, using: 0 TPU cores
GPU available: False, used: False
TPU available: False, using: 0 TPU cores
[02:42:18] nhits:B:S1:336 F1 seed 2021: MAE 10.36, best step 200 / 멈춤 450, 614초
Seed set to 2024
GPU available: False, used: False
TPU available: False, using: 0 TPU cores
GPU available: False, used: False
TPU available: False, using: 0 TPU cores
[02:51:22] nhits:B:S1:336 F1 seed 2024: MAE 11.48, best step 150 / 멈춤 400, 544초
[02:51:22] nhits:B:S1:336@F1: 완료 37.5분
