[04:04:11] nhits:A:S0@F4: 시작 (mode=full, seed 3개, 스레드 1)
Seed set to 42
GPU available: False, used: False
TPU available: False, using: 0 TPU cores
GPU available: False, used: False
TPU available: False, using: 0 TPU cores
[04:10:30] nhits:A:S0 F4 seed 42: MAE 8.42, best step 200 / 멈춤 450, 379초
Seed set to 2021
GPU available: False, used: False
TPU available: False, using: 0 TPU cores
GPU available: False, used: False
TPU available: False, using: 0 TPU cores
[04:18:47] nhits:A:S0 F4 seed 2021: MAE 9.00, best step 350 / 멈춤 600, 497초
Seed set to 2024
GPU available: False, used: False
TPU available: False, using: 0 TPU cores
GPU available: False, used: False
TPU available: False, using: 0 TPU cores
[04:28:42] nhits:A:S0 F4 seed 2024: MAE 8.95, best step 350 / 멈춤 600, 594초
[04:28:42] nhits:A:S0@F4: 완료 24.5분
