[04:52:10] nhits:A:S2@F6: 시작 (mode=full, seed 3개, 스레드 1)
Seed set to 42
GPU available: False, used: False
TPU available: False, using: 0 TPU cores
GPU available: False, used: False
TPU available: False, using: 0 TPU cores
[04:58:24] nhits:A:S2 F6 seed 42: MAE 5.91, best step 100 / 멈춤 350, 374초
Seed set to 2021
GPU available: False, used: False
TPU available: False, using: 0 TPU cores
GPU available: False, used: False
TPU available: False, using: 0 TPU cores
[05:04:38] nhits:A:S2 F6 seed 2021: MAE 5.82, best step 100 / 멈춤 350, 374초
Seed set to 2024
GPU available: False, used: False
TPU available: False, using: 0 TPU cores
GPU available: False, used: False
TPU available: False, using: 0 TPU cores
[05:10:44] nhits:A:S2 F6 seed 2024: MAE 6.02, best step 100 / 멈춤 350, 366초
[05:10:44] nhits:A:S2@F6: 완료 18.6분
