[01:45:29] nhits:A:S1:336@F4: 시작 (mode=full, seed 3개, 스레드 1)
Seed set to 42
GPU available: False, used: False
TPU available: False, using: 0 TPU cores
GPU available: False, used: False
TPU available: False, using: 0 TPU cores
[02:02:38] nhits:A:S1:336 F4 seed 42: MAE 8.73, best step 350 / 멈춤 600, 1028초
Seed set to 2021
GPU available: False, used: False
TPU available: False, using: 0 TPU cores
GPU available: False, used: False
TPU available: False, using: 0 TPU cores
[02:12:54] nhits:A:S1:336 F4 seed 2021: MAE 8.62, best step 150 / 멈춤 400, 616초
Seed set to 2024
GPU available: False, used: False
TPU available: False, using: 0 TPU cores
GPU available: False, used: False
TPU available: False, using: 0 TPU cores
[02:21:24] nhits:A:S1:336 F4 seed 2024: MAE 8.34, best step 100 / 멈춤 350, 510초
[02:21:24] nhits:A:S1:336@F4: 완료 35.9분
