[04:58:02] nhits:B:S2@F1: 시작 (mode=full, seed 3개, 스레드 1)
Seed set to 42
GPU available: False, used: False
TPU available: False, using: 0 TPU cores
GPU available: False, used: False
TPU available: False, using: 0 TPU cores
[05:05:31] nhits:B:S2 F1 seed 42: MAE 10.75, best step 150 / 멈춤 400, 448초
Seed set to 2021
GPU available: False, used: False
TPU available: False, using: 0 TPU cores
GPU available: False, used: False
TPU available: False, using: 0 TPU cores
[05:12:47] nhits:B:S2 F1 seed 2021: MAE 10.08, best step 150 / 멈춤 400, 436초
Seed set to 2024
GPU available: False, used: False
TPU available: False, using: 0 TPU cores
GPU available: False, used: False
TPU available: False, using: 0 TPU cores
[05:21:01] nhits:B:S2 F1 seed 2024: MAE 9.94, best step 200 / 멈춤 450, 494초
[05:21:01] nhits:B:S2@F1: 완료 23.0분
