[05:09:29] nhits:B:S2@F2: 시작 (mode=full, seed 3개, 스레드 1)
Seed set to 42
GPU available: False, used: False
TPU available: False, using: 0 TPU cores
GPU available: False, used: False
TPU available: False, using: 0 TPU cores
[05:20:27] nhits:B:S2 F2 seed 42: MAE 8.75, best step 350 / 멈춤 600, 658초
Seed set to 2021
GPU available: False, used: False
TPU available: False, using: 0 TPU cores
GPU available: False, used: False
TPU available: False, using: 0 TPU cores
[05:28:23] nhits:B:S2 F2 seed 2021: MAE 9.03, best step 200 / 멈춤 450, 475초
Seed set to 2024
GPU available: False, used: False
TPU available: False, using: 0 TPU cores
GPU available: False, used: False
TPU available: False, using: 0 TPU cores
[05:35:20] nhits:B:S2 F2 seed 2024: MAE 8.07, best step 150 / 멈춤 400, 417초
[05:35:20] nhits:B:S2@F2: 완료 25.8분
