[22:42:36] nhits:A:S1:336@F1: 시작 (mode=full, seed 3개, 스레드 1)
Seed set to 42
GPU available: False, used: False
TPU available: False, using: 0 TPU cores
GPU available: False, used: False
TPU available: False, using: 0 TPU cores
[22:51:32] nhits:A:S1:336 F1 seed 42: MAE 6.34, best step 100 / 멈춤 350, 536초
Seed set to 2021
GPU available: False, used: False
TPU available: False, using: 0 TPU cores
GPU available: False, used: False
TPU available: False, using: 0 TPU cores
[23:01:53] nhits:A:S1:336 F1 seed 2021: MAE 6.44, best step 150 / 멈춤 400, 620초
Seed set to 2024
GPU available: False, used: False
TPU available: False, using: 0 TPU cores
GPU available: False, used: False
TPU available: False, using: 0 TPU cores
[23:13:21] nhits:A:S1:336 F1 seed 2024: MAE 6.70, best step 150 / 멈춤 400, 688초
[23:13:21] nhits:A:S1:336@F1: 완료 30.7분
