[03:21:01] nhits:A:S1@F2: 시작 (mode=full, seed 3개, 스레드 1)
Seed set to 42
GPU available: False, used: False
TPU available: False, using: 0 TPU cores
GPU available: False, used: False
TPU available: False, using: 0 TPU cores
[03:27:37] nhits:A:S1 F2 seed 42: MAE 7.19, best step 200 / 멈춤 450, 396초
Seed set to 2021
GPU available: False, used: False
TPU available: False, using: 0 TPU cores
GPU available: False, used: False
TPU available: False, using: 0 TPU cores
[03:35:01] nhits:A:S1 F2 seed 2021: MAE 7.30, best step 250 / 멈춤 500, 444초
Seed set to 2024
GPU available: False, used: False
TPU available: False, using: 0 TPU cores
GPU available: False, used: False
TPU available: False, using: 0 TPU cores
[03:43:03] nhits:A:S1 F2 seed 2024: MAE 7.70, best step 300 / 멈춤 550, 482초
[03:43:03] nhits:A:S1@F2: 완료 22.0분
