[04:00:56] nhits:A:S0@F2: 시작 (mode=full, seed 3개, 스레드 1)
Seed set to 42
GPU available: False, used: False
TPU available: False, using: 0 TPU cores
GPU available: False, used: False
TPU available: False, using: 0 TPU cores
[04:08:40] nhits:A:S0 F2 seed 42: MAE 7.46, best step 300 / 멈춤 550, 464초
Seed set to 2021
GPU available: False, used: False
TPU available: False, using: 0 TPU cores
GPU available: False, used: False
TPU available: False, using: 0 TPU cores
[04:15:39] nhits:A:S0 F2 seed 2021: MAE 7.09, best step 250 / 멈춤 500, 420초
Seed set to 2024
GPU available: False, used: False
TPU available: False, using: 0 TPU cores
GPU available: False, used: False
TPU available: False, using: 0 TPU cores
[04:25:52] nhits:A:S0 F2 seed 2024: MAE 7.15, best step 400 / 멈춤 650, 613초
[04:25:52] nhits:A:S0@F2: 완료 24.9분
