[03:41:48] nhits:B:S1@F1: 시작 (mode=full, seed 3개, 스레드 1)
Seed set to 42
GPU available: False, used: False
TPU available: False, using: 0 TPU cores
GPU available: False, used: False
TPU available: False, using: 0 TPU cores
[03:50:24] nhits:B:S1 F1 seed 42: MAE 11.43, best step 350 / 멈춤 600, 516초
Seed set to 2021
GPU available: False, used: False
TPU available: False, using: 0 TPU cores
GPU available: False, used: False
TPU available: False, using: 0 TPU cores
[03:58:24] nhits:B:S1 F1 seed 2021: MAE 11.94, best step 300 / 멈춤 550, 480초
Seed set to 2024
GPU available: False, used: False
TPU available: False, using: 0 TPU cores
GPU available: False, used: False
TPU available: False, using: 0 TPU cores
[04:04:51] nhits:B:S1 F1 seed 2024: MAE 13.70, best step 200 / 멈춤 450, 387초
[04:04:51] nhits:B:S1@F1: 완료 23.0분
