[22:42:36] tft:A:S1@F4: 시작 (mode=fast, seed 3개, 스레드 1)
Seed set to 42
GPU available: False, used: False
TPU available: False, using: 0 TPU cores
`Trainer.fit` stopped: `max_steps=500` reached.
GPU available: False, used: False
TPU available: False, using: 0 TPU cores
[23:46:45] tft:A:S1 F4 seed 42: MAE 6.97, best step 400 / 멈춤 500, 3849초
Seed set to 2021
GPU available: False, used: False
TPU available: False, using: 0 TPU cores
`Trainer.fit` stopped: `max_steps=500` reached.
GPU available: False, used: False
TPU available: False, using: 0 TPU cores
[00:54:53] tft:A:S1 F4 seed 2021: MAE 6.41, best step 500 / 멈춤 500, 4088초
Seed set to 2024
GPU available: False, used: False
TPU available: False, using: 0 TPU cores
`Trainer.fit` stopped: `max_steps=500` reached.
GPU available: False, used: False
TPU available: False, using: 0 TPU cores
[02:01:52] tft:A:S1 F4 seed 2024: MAE 7.10, best step 500 / 멈춤 500, 4019초
[02:01:52] tft:A:S1@F4: 완료 199.3분
