[22:42:36] tft:A:S1@F5: 시작 (mode=fast, seed 3개, 스레드 1)
Seed set to 42
GPU available: False, used: False
TPU available: False, using: 0 TPU cores
`Trainer.fit` stopped: `max_steps=500` reached.
GPU available: False, used: False
TPU available: False, using: 0 TPU cores
[23:46:49] tft:A:S1 F5 seed 42: MAE 5.68, best step 500 / 멈춤 500, 3853초
Seed set to 2021
GPU available: False, used: False
TPU available: False, using: 0 TPU cores
`Trainer.fit` stopped: `max_steps=500` reached.
GPU available: False, used: False
TPU available: False, using: 0 TPU cores
[00:55:19] tft:A:S1 F5 seed 2021: MAE 5.79, best step 450 / 멈춤 500, 4110초
Seed set to 2024
GPU available: False, used: False
TPU available: False, using: 0 TPU cores
`Trainer.fit` stopped: `max_steps=500` reached.
GPU available: False, used: False
TPU available: False, using: 0 TPU cores
[02:02:16] tft:A:S1 F5 seed 2024: MAE 6.15, best step 450 / 멈춤 500, 4016초
[02:02:16] tft:A:S1@F5: 완료 199.7분
