[22:42:36] tft:B:S1@F4: 시작 (mode=fast, seed 3개, 스레드 1)
Seed set to 42
GPU available: False, used: False
TPU available: False, using: 0 TPU cores
`Trainer.fit` stopped: `max_steps=500` reached.
GPU available: False, used: False
TPU available: False, using: 0 TPU cores
[23:53:57] tft:B:S1 F4 seed 42: MAE 12.38, best step 400 / 멈춤 500, 4281초
Seed set to 2021
GPU available: False, used: False
TPU available: False, using: 0 TPU cores
`Trainer.fit` stopped: `max_steps=500` reached.
GPU available: False, used: False
TPU available: False, using: 0 TPU cores
[01:08:11] tft:B:S1 F4 seed 2021: MAE 10.83, best step 500 / 멈춤 500, 4454초
Seed set to 2024
GPU available: False, used: False
TPU available: False, using: 0 TPU cores
`Trainer.fit` stopped: `max_steps=500` reached.
GPU available: False, used: False
TPU available: False, using: 0 TPU cores
[02:17:22] tft:B:S1 F4 seed 2024: MAE 12.55, best step 500 / 멈춤 500, 4151초
[02:17:22] tft:B:S1@F4: 완료 214.8분
