[22:42:36] tft:A:S1@F6: 시작 (mode=fast, seed 3개, 스레드 1)
Seed set to 42
GPU available: False, used: False
TPU available: False, using: 0 TPU cores
`Trainer.fit` stopped: `max_steps=500` reached.
GPU available: False, used: False
TPU available: False, using: 0 TPU cores
[23:46:53] tft:A:S1 F6 seed 42: MAE 5.16, best step 400 / 멈춤 500, 3857초
Seed set to 2021
GPU available: False, used: False
TPU available: False, using: 0 TPU cores
`Trainer.fit` stopped: `max_steps=500` reached.
GPU available: False, used: False
TPU available: False, using: 0 TPU cores
[00:55:24] tft:A:S1 F6 seed 2021: MAE 5.00, best step 500 / 멈춤 500, 4110초
Seed set to 2024
GPU available: False, used: False
TPU available: False, using: 0 TPU cores
`Trainer.fit` stopped: `max_steps=500` reached.
GPU available: False, used: False
TPU available: False, using: 0 TPU cores
[02:02:14] tft:A:S1 F6 seed 2024: MAE 4.92, best step 450 / 멈춤 500, 4010초
[02:02:14] tft:A:S1@F6: 완료 199.6분
